MO matrix_times NULL matrix_times.v vlg4A/matrix__times.bin 1482916521
MO lab6 NULL lab6.v vlg55/lab6.bin 1482918135
MO adder_tree NULL adder_tree.v vlg77/adder__tree.bin 1482916521
MO debounce NULL debounce.v vlg1D/debounce.bin 1482918135
MO convert NULL convert.v vlg2D/convert.bin 1482915533
MO uart NULL uart.v vlg48/uart.bin 1482918135
MO times NULL times.v vlg0A/times.bin 1482916521
